G = C3 : C4
degrees: [ 1, 1, 1, 1, 2, 2 ]  Frobenius-Schur indicators: 
[ 1, 0, 1, 0, 1, -1 ]
Schur indices over Q (via character field and indicator): fields 
[ Rationals, GaussianRationals, Rationals, GaussianRationals, Rationals, 
  Rationals ]
chi(1)=1 idempotent class coefficients: [ 1/12, 1/12, 1/12, 1/12, 1/12, 1/12 
 ]  all in Z_(2): false
chi(1)=1 idempotent class coefficients: [ 1/12, -1/12*E(4), -1/12, 1/12, 
  1/12*E(4), -1/12 ]  all in Z_(2): false
chi(1)=1 idempotent class coefficients: [ 1/12, -1/12, 1/12, 1/12, -1/12, 
  1/12 ]  all in Z_(2): false
chi(1)=1 idempotent class coefficients: [ 1/12, 1/12*E(4), -1/12, 1/12, 
  -1/12*E(4), -1/12 ]  all in Z_(2): false
chi(1)=2 idempotent class coefficients: [ 1/3, 0, 1/3, -1/6, 0, -1/6 
 ]  all in Z_(2): false
chi(1)=2 idempotent class coefficients: [ 1/3, 0, -1/3, -1/6, 0, 1/6 
 ]  all in Z_(2): false
2-modular Brauer degrees: [ 1, 2 ]
decomposition matrix mod 2:
[ [  1,  0 ],
  [  1,  0 ],
  [  1,  0 ],
  [  1,  0 ],
  [  0,  1 ],
  [  0,  1 ] ]
dim F2G = 12  dim J(F2G) = 7
