ordinary degrees: [ 1, 6, 10, 10, 14, 14, 15, 21, 35, 6, 6, 15, 15, 15, 15, 
  21, 21, 21, 21, 24, 24, 24, 24 ]
Brauer degrees:   [ 1, 6, 8, 10, 10, 13, 15, 35, 3, 3, 6, 6, 15, 15, 15, 15, 
  18, 18, 21, 21 ]
faithful (central char w) positions: [ 10, 12, 14, 16, 18, 20, 22 ] degrees 
[ 6, 15, 15, 21, 21, 24, 24 ]
Brauer columns used: [ 9, 11, 13, 15, 17, 19 ] degrees [ 3, 6, 15, 15, 18, 21 
 ]
  10 deg 6 row [ 0, 1, 0, 0, 0, 0 ]
  12 deg 15 row [ 0, 0, 1, 0, 0, 0 ]
  14 deg 15 row [ 0, 0, 0, 1, 0, 0 ]
  16 deg 21 row [ 0, 0, 0, 0, 0, 1 ]
  18 deg 21 row [ 1, 0, 0, 0, 1, 0 ]
  20 deg 24 row [ 1, 0, 0, 0, 0, 1 ]
  22 deg 24 row [ 0, 1, 0, 0, 1, 0 ]
PIM degrees: [ 45, 30, 15, 15, 45, 45 ]
Galois orbits touching faithful set: [ [ 10, 11 ], [ 12, 13 ], [ 14, 15 ], 
  [ 16, 17 ], [ 18, 19 ], [ 20, 21, 22, 23 ] ]
5-blocks (ordinary char positions): [ [ 1, 2, 5, 6, 8 ], [ 3 ], [ 4 ], [ 7 ], 
  [ 9 ], [ 10, 16, 18, 20, 22 ], [ 11, 17, 19, 21, 23 ], [ 12 ], [ 13 ], 
  [ 14 ], [ 15 ] ]
