Q      FNP A_{q,d}(1)         (1-u)U(u), u=1/Q       FNP B_{q,d}(1)         (1-u)L(u), u=1/Q      
2      0.695222491608         0.695222491608         1.08633437542          1.08633437542         
3      0.840305347856         0.840305347856         1.0139482706           1.0139482706          
4      0.902502403993         0.902502403993         1.00417080052          1.00417080052         
5      0.934444797183         0.934444797183         1.00166720431          1.00166720431         
7      0.964604610755         0.964604610755         1.00042519544          1.00042519544         
8      0.972415129332         0.972415129332         1.00024802346          1.00024802346         
9      0.977901236656         0.977901236656         1.0001543236           1.0001543236          
11     0.984905877307         0.984905877307         1.00006887095          1.00006887095         
16     0.992660575272         0.992660575272         1.00001531864          1.00001531864         
25     0.996925443787         0.996925443787         1.0000025641           1.0000025641          

cyclic factors:
2 0.833333333333 0.833333333333 | 1.5 1.5
3 0.916666666667 0.916666666667 | 1.16666666667 1.16666666667
5 0.966666666667 0.966666666667 | 1.05 1.05
9 0.988888888889 0.988888888889 | 1.01388888889 1.01388888889

P(t) vs 1 + sum 1/|Sp(2m,q)|:
2 1.16805624450964 1.16805624450964
3 1.04168595689917 1.04168595689917
5 1.00833344017094 1.00833344017094
